// Jest Snapshot v1, https://goo.gl/fbAQLP

exports[`<TableSourceDescription /> snapshot 1`] = `
<DocumentFragment>
  <div
    class="table-source-description-wrapper"
  >
    <div
      class="table-source-description"
    >
      <div
        class="source"
      />
      <div
        class="description"
      />
    </div>
  </div>
</DocumentFragment>
`;
