// Jest Snapshot v1, https://goo.gl/fbAQLP

exports[`IgvLoadBAM IgvLoadBAM snapshot 1`] = `
<DocumentFragment>
  <div
    class="toolbar-btn-wrapper igv-btn"
  >
    <button
      class="ant-btn"
      data-testid="open-igv-btn"
      type="button"
    >
      <span>
        Load BAM
      </span>
    </button>
  </div>
</DocumentFragment>
`;
