// Jest Snapshot v1, https://goo.gl/fbAQLP

exports[`<Header /> snapshot 1`] = `
<DocumentFragment>
  <div
    class="header-wrapper"
  >
    <div
      class="flex justify-start flex-row"
    >
      <div
        class="left-wrapper"
      >
        LOGO
      </div>
      <div
        class="left-wrapper"
      />
    </div>
    <div
      class="flex justify-start flex-row"
    >
      <div
        class="right-side-item"
      >
        <div
          class="header-icon-wrapper"
        >
          <div
            class="icon info"
            data-testid="header-icon-info"
          >
            <svg>
              info.svg
            </svg>
          </div>
        </div>
      </div>
      <div
        class="right-side-item"
      >
        <div
          class="header-icon-wrapper"
        >
          <div
            class="icon notification"
            data-testid="header-icon-notification"
          >
            <svg>
              notifications.svg
            </svg>
          </div>
        </div>
      </div>
      <div
        class="right-side-item"
      >
        <div
          class="user-wrapper"
        >
          <picture
            class="avatar"
          >
            <img
              alt="User's avatar"
              src="https://randomuser.me/api/portraits/men/34.jpg"
            />
          </picture>
        </div>
      </div>
    </div>
  </div>
</DocumentFragment>
`;
