// Jest Snapshot v1, https://goo.gl/fbAQLP

exports[`Notes create snapshot 1`] = `
<DocumentFragment>
  <div
    class="notes-wrapper"
  >
    <div
      class="notes-content"
    >
      Eveniet distinctio sit itaque sunt aut qui.
    </div>
    <div
      class="notes-icon"
      data-testid="edit-icon"
    >
      <svg>
        edit.svg
      </svg>
    </div>
  </div>
</DocumentFragment>
`;
