// Jest Snapshot v1, https://goo.gl/fbAQLP

exports[`<TabPaneHeader /> snapshot 1`] = `
<DocumentFragment>
  <div
    class="tab-pane-content-wrapper"
  >
    <div
      class="flex flex-row justify-start content-center"
    >
      <div
        class="title"
      >
        Publications
      </div>
      <div
        class="amount"
      >
        (5)
      </div>
    </div>
  </div>
</DocumentFragment>
`;
